
> @requestnetwork/request-network-monorepo@0.1.0 build
> lerna --loglevel=debug run build

lerna sill argv {
lerna sill argv   _: [ 'run' ],
lerna sill argv   loglevel: 'debug',
lerna sill argv   lernaVersion: '3.22.1',
lerna sill argv   '$0': 'node_modules/.bin/lerna',
lerna sill argv   script: 'build'
lerna sill argv }
lerna notice cli v3.22.1
lerna verb rootPath /home/skivy71/Documents/git/requestNetwork/requestNetwork
lerna info versioning independent
lerna info Executing command in 23 packages: "yarn run build"
lerna sill npmRunScript build [] @requestnetwork/data-format
lerna sill getExecOpts /home/skivy71/Documents/git/requestNetwork/requestNetwork/packages/data-format undefined
lerna sill npmRunScript build [] @requestnetwork/types
lerna sill getExecOpts /home/skivy71/Documents/git/requestNetwork/requestNetwork/packages/types undefined
lerna info run Ran npm script 'build' in '@requestnetwork/types' in 3.2s:
yarn run v1.22.19
$ tsc -b tsconfig.build.json
Done in 2.71s.
lerna sill npmRunScript build [] @requestnetwork/multi-format
lerna sill getExecOpts /home/skivy71/Documents/git/requestNetwork/requestNetwork/packages/multi-format undefined
lerna sill npmRunScript build [] @requestnetwork/utils
lerna sill getExecOpts /home/skivy71/Documents/git/requestNetwork/requestNetwork/packages/utils undefined
lerna info run Ran npm script 'build' in '@requestnetwork/data-format' in 3.2s:
yarn run v1.22.19
$ tsc -b tsconfig.build.json
Done in 2.75s.
lerna info run Ran npm script 'build' in '@requestnetwork/multi-format' in 3.3s:
yarn run v1.22.19
$ tsc -b tsconfig.build.json
Done in 2.73s.
lerna info run Ran npm script 'build' in '@requestnetwork/utils' in 3.6s:
yarn run v1.22.19
$ tsc -b tsconfig.build.json
Done in 3.08s.
lerna sill npmRunScript build [] @requestnetwork/currency
lerna sill getExecOpts /home/skivy71/Documents/git/requestNetwork/requestNetwork/packages/currency undefined
lerna sill npmRunScript build [] @requestnetwork/data-access
lerna sill getExecOpts /home/skivy71/Documents/git/requestNetwork/requestNetwork/packages/data-access undefined
lerna sill npmRunScript build [] @requestnetwork/epk-decryption
lerna sill getExecOpts /home/skivy71/Documents/git/requestNetwork/requestNetwork/packages/epk-decryption undefined
lerna sill npmRunScript build [] @requestnetwork/epk-signature
lerna sill getExecOpts /home/skivy71/Documents/git/requestNetwork/requestNetwork/packages/epk-signature undefined
lerna sill npmRunScript build [] @requestnetwork/transaction-manager
lerna sill getExecOpts /home/skivy71/Documents/git/requestNetwork/requestNetwork/packages/transaction-manager undefined
lerna sill npmRunScript build [] @requestnetwork/web3-signature
lerna sill getExecOpts /home/skivy71/Documents/git/requestNetwork/requestNetwork/packages/web3-signature undefined
lerna info run Ran npm script 'build' in '@requestnetwork/currency' in 5.0s:
yarn run v1.22.19
$ tsc -b tsconfig.build.json
Done in 4.44s.
lerna sill npmRunScript build [] @requestnetwork/advanced-logic
lerna sill getExecOpts /home/skivy71/Documents/git/requestNetwork/requestNetwork/packages/advanced-logic undefined
lerna sill npmRunScript build [] @requestnetwork/smart-contracts
lerna sill getExecOpts /home/skivy71/Documents/git/requestNetwork/requestNetwork/packages/smart-contracts undefined
lerna info run Ran npm script 'build' in '@requestnetwork/transaction-manager' in 5.7s:
yarn run v1.22.19
$ tsc -b tsconfig.build.json
Done in 4.96s.
lerna info run Ran npm script 'build' in '@requestnetwork/data-access' in 5.9s:
yarn run v1.22.19
$ tsc -b tsconfig.build.json
Done in 5.28s.
lerna info run Ran npm script 'build' in '@requestnetwork/advanced-logic' in 4.1s:
yarn run v1.22.19
$ tsc -b tsconfig.build.json
Done in 3.25s.
lerna sill npmRunScript build [] @requestnetwork/request-logic
lerna sill getExecOpts /home/skivy71/Documents/git/requestNetwork/requestNetwork/packages/request-logic undefined
lerna info run Ran npm script 'build' in '@requestnetwork/request-logic' in 4.4s:
yarn run v1.22.19
$ tsc -b tsconfig.build.json
Done in 3.69s.
lerna info run Ran npm script 'build' in '@requestnetwork/smart-contracts' in 20.0s:
yarn run v1.22.19
$ yarn build:sol && yarn build:lib
$ yarn hardhat compile
$ /home/skivy71/Documents/git/requestNetwork/requestNetwork/node_modules/.bin/hardhat compile
secp256k1 unavailable, reverting to browser version
Generating typings for: 71 artifacts in dir: src/types for target: ethers-v5
Successfully generated 127 typings!
Compiled 55 Solidity files successfully
$ tsc -b tsconfig.build.json && cp src/types/*.d.ts dist/src/types && cp -r dist/src/types types
Done in 19.27s.
lerna sill npmRunScript build [] @requestnetwork/ethereum-storage
lerna sill getExecOpts /home/skivy71/Documents/git/requestNetwork/requestNetwork/packages/ethereum-storage undefined
lerna sill npmRunScript build [] @requestnetwork/payment-detection
lerna sill getExecOpts /home/skivy71/Documents/git/requestNetwork/requestNetwork/packages/payment-detection undefined
lerna sill npmRunScript build [] @requestnetwork/thegraph-data-access
lerna sill getExecOpts /home/skivy71/Documents/git/requestNetwork/requestNetwork/packages/thegraph-data-access undefined
lerna info run Ran npm script 'build' in '@requestnetwork/web3-signature' in 28.3s:
yarn run v1.22.19
$ run-s build:commonjs build:umd

> @requestnetwork/web3-signature@0.4.37 build:commonjs
> tsc -b tsconfig.build.json


> @requestnetwork/web3-signature@0.4.37 build:umd
> webpack

Webpack Bundle Analyzer saved report to /home/skivy71/Documents/git/requestNetwork/requestNetwork/packages/web3-signature/dist/report.html
assets by path *.ts 1.12 KiB
  asset web3-signature-provider.d.ts 1 KiB [compared for emit]
  asset index.d.ts 113 bytes [compared for emit]
assets by path *.map 810 bytes
  asset web3-signature-provider.d.ts.map 653 bytes [compared for emit]
  asset index.d.ts.map 157 bytes [compared for emit]
asset web3-signature.min.js 867 KiB [emitted] [minimized] [big] (name: web3-signature.min) 2 related assets
orphan modules 694 KiB [orphan] 139 modules
runtime modules 1.28 KiB 7 modules
modules by path ../ 1.87 MiB
  modules by path ../../node_modules/ 1.79 MiB 193 modules
  modules by path ../types/dist/ 23 KiB 30 modules
  modules by path ../utils/dist/ 58.5 KiB 15 modules
optional modules 60 bytes [optional]
  buffer (ignored) 15 bytes [optional] [built] [code generated]
  crypto (ignored) 15 bytes [optional] [built] [code generated]
  buffer (ignored) 15 bytes [optional] [built] [code generated]
  buffer (ignored) 15 bytes [optional] [built] [code generated]
modules by path ./src/*.ts 3.12 KiB
  ./src/index.ts 330 bytes [built] [code generated]
  ./src/web3-signature-provider.ts 2.8 KiB [built] [code generated]
+ 6 modules

WARNING in bn.js
  Multiple versions of bn.js found:
    4.12.0 /home/skivy71/Documents/git/requestNetwork/requestNetwork/~/bn.js
    5.2.0 /home/skivy71/Documents/git/requestNetwork/requestNetwork/~/browserify-sign/~/bn.js

WARNING in string_decoder
  Multiple versions of string_decoder found:
    0.10.31 /home/skivy71/Documents/git/requestNetwork/requestNetwork/~/string_decoder
    1.3.0 /home/skivy71/Documents/git/requestNetwork/requestNetwork/~/browserify-sign/~/string_decoder

Check how you can resolve duplicate packages: 
https://github.com/darrenscerri/duplicate-package-checker-webpack-plugin#resolving-duplicate-packages-in-your-bundle

WARNING in asset size limit: The following asset(s) exceed the recommended size limit (244 KiB).
This can impact web performance.
Assets: 
  web3-signature.min.js (867 KiB)

WARNING in entrypoint size limit: The following entrypoint(s) combined asset size exceeds the recommended limit (244 KiB). This can impact web performance.
Entrypoints:
  web3-signature.min (867 KiB)
      web3-signature.min.js

WARNING in webpack performance recommendations: 
You can limit the size of your bundles by using import() or require.ensure to lazy load some parts of your application.
For more info visit https://webpack.js.org/guides/code-splitting/

webpack 5.88.2 compiled with 5 warnings in 18895 ms
Done in 27.59s.
lerna info run Ran npm script 'build' in '@requestnetwork/epk-decryption' in 29.2s:
yarn run v1.22.19
$ run-s build:commonjs build:umd

> @requestnetwork/epk-decryption@0.3.35 build:commonjs
> tsc -b tsconfig.build.json


> @requestnetwork/epk-decryption@0.3.35 build:umd
> webpack

Webpack Bundle Analyzer saved report to /home/skivy71/Documents/git/requestNetwork/requestNetwork/packages/epk-decryption/dist/report.html
assets by path *.ts 2.45 KiB
  asset ethereum-private-key-decryption-provider.d.ts 2.31 KiB [compared for emit]
  asset index.d.ts 145 bytes [compared for emit]
assets by path *.map 1.08 KiB
  asset ethereum-private-key-decryption-provider.d.ts.map 950 bytes [compared for emit]
  asset index.d.ts.map 157 bytes [compared for emit]
asset epk-decryption.min.js 868 KiB [emitted] [minimized] [big] (name: epk-decryption.min) 2 related assets
orphan modules 694 KiB [orphan] 139 modules
runtime modules 1.28 KiB 7 modules
modules by path ../ 1.87 MiB
  modules by path ../../node_modules/ 1.79 MiB 193 modules
  modules by path ../types/dist/ 23 KiB 30 modules
  modules by path ../utils/dist/ 58.5 KiB 15 modules
optional modules 60 bytes [optional]
  buffer (ignored) 15 bytes [optional] [built] [code generated]
  crypto (ignored) 15 bytes [optional] [built] [code generated]
  buffer (ignored) 15 bytes [optional] [built] [code generated]
  buffer (ignored) 15 bytes [optional] [built] [code generated]
modules by path ./src/*.ts 4.79 KiB
  ./src/index.ts 411 bytes [built] [code generated]
  ./src/ethereum-private-key-decryption-provider.ts 4.39 KiB [built] [code generated]
+ 6 modules

WARNING in bn.js
  Multiple versions of bn.js found:
    4.12.0 /home/skivy71/Documents/git/requestNetwork/requestNetwork/~/bn.js
    5.2.0 /home/skivy71/Documents/git/requestNetwork/requestNetwork/~/browserify-sign/~/bn.js

WARNING in string_decoder
  Multiple versions of string_decoder found:
    0.10.31 /home/skivy71/Documents/git/requestNetwork/requestNetwork/~/string_decoder
    1.3.0 /home/skivy71/Documents/git/requestNetwork/requestNetwork/~/browserify-sign/~/string_decoder

Check how you can resolve duplicate packages: 
https://github.com/darrenscerri/duplicate-package-checker-webpack-plugin#resolving-duplicate-packages-in-your-bundle

WARNING in asset size limit: The following asset(s) exceed the recommended size limit (244 KiB).
This can impact web performance.
Assets: 
  epk-decryption.min.js (868 KiB)

WARNING in entrypoint size limit: The following entrypoint(s) combined asset size exceeds the recommended limit (244 KiB). This can impact web performance.
Entrypoints:
  epk-decryption.min (868 KiB)
      epk-decryption.min.js

WARNING in webpack performance recommendations: 
You can limit the size of your bundles by using import() or require.ensure to lazy load some parts of your application.
For more info visit https://webpack.js.org/guides/code-splitting/

webpack 5.88.2 compiled with 5 warnings in 19696 ms
Done in 28.65s.
lerna info run Ran npm script 'build' in '@requestnetwork/epk-signature' in 29.6s:
yarn run v1.22.19
$ run-s build:commonjs build:umd

> @requestnetwork/epk-signature@0.5.36 build:commonjs
> tsc -b tsconfig.build.json


> @requestnetwork/epk-signature@0.5.36 build:umd
> webpack

Webpack Bundle Analyzer saved report to /home/skivy71/Documents/git/requestNetwork/requestNetwork/packages/epk-signature/dist/report.html
assets by path *.ts 2.28 KiB
  asset ethereum-private-key-signature-provider.d.ts 2.14 KiB [compared for emit]
  asset index.d.ts 143 bytes [compared for emit]
assets by path *.map 1020 bytes
  asset ethereum-private-key-signature-provider.d.ts.map 861 bytes [compared for emit]
  asset index.d.ts.map 157 bytes [compared for emit]
asset epk-signature.min.js 867 KiB [emitted] [minimized] [big] (name: epk-signature.min) 2 related assets
orphan modules 694 KiB [orphan] 139 modules
runtime modules 1.28 KiB 7 modules
modules by path ../ 1.87 MiB
  modules by path ../../node_modules/ 1.79 MiB 193 modules
  modules by path ../types/dist/ 23 KiB 30 modules
  modules by path ../utils/dist/ 58.5 KiB 15 modules
optional modules 60 bytes [optional]
  buffer (ignored) 15 bytes [optional] [built] [code generated]
  crypto (ignored) 15 bytes [optional] [built] [code generated]
  buffer (ignored) 15 bytes [optional] [built] [code generated]
  buffer (ignored) 15 bytes [optional] [built] [code generated]
modules by path ./src/*.ts 4.73 KiB
  ./src/index.ts 406 bytes [built] [code generated]
  ./src/ethereum-private-key-signature-provider.ts 4.34 KiB [built] [code generated]
+ 6 modules

WARNING in bn.js
  Multiple versions of bn.js found:
    4.12.0 /home/skivy71/Documents/git/requestNetwork/requestNetwork/~/bn.js
    5.2.0 /home/skivy71/Documents/git/requestNetwork/requestNetwork/~/browserify-sign/~/bn.js

WARNING in string_decoder
  Multiple versions of string_decoder found:
    0.10.31 /home/skivy71/Documents/git/requestNetwork/requestNetwork/~/string_decoder
    1.3.0 /home/skivy71/Documents/git/requestNetwork/requestNetwork/~/browserify-sign/~/string_decoder

Check how you can resolve duplicate packages: 
https://github.com/darrenscerri/duplicate-package-checker-webpack-plugin#resolving-duplicate-packages-in-your-bundle

WARNING in asset size limit: The following asset(s) exceed the recommended size limit (244 KiB).
This can impact web performance.
Assets: 
  epk-signature.min.js (867 KiB)

WARNING in entrypoint size limit: The following entrypoint(s) combined asset size exceeds the recommended limit (244 KiB). This can impact web performance.
Entrypoints:
  epk-signature.min (867 KiB)
      epk-signature.min.js

WARNING in webpack performance recommendations: 
You can limit the size of your bundles by using import() or require.ensure to lazy load some parts of your application.
For more info visit https://webpack.js.org/guides/code-splitting/

webpack 5.88.2 compiled with 5 warnings in 19632 ms
Done in 29.05s.
lerna info run Ran npm script 'build' in '@requestnetwork/thegraph-data-access' in 5.3s:
yarn run v1.22.19
$ tsc -b tsconfig.build.json
Done in 4.68s.
lerna info run Ran npm script 'build' in '@requestnetwork/ethereum-storage' in 6.6s:
yarn run v1.22.19
$ tsc -b tsconfig.build.json
Done in 6.05s.
lerna sill npmRunScript build [] @requestnetwork/request-node
lerna sill getExecOpts /home/skivy71/Documents/git/requestNetwork/requestNetwork/packages/request-node undefined
lerna info run Ran npm script 'build' in '@requestnetwork/request-node' in 4.0s:
yarn run v1.22.19
$ tsc -b tsconfig.build.json
Done in 3.38s.
lerna info run Ran npm script 'build' in '@requestnetwork/payment-detection' in 18.2s:
yarn run v1.22.19
$ yarn codegen
$ graphql-codegen --config codegen.yml ; graphql-codegen --config codegen-superfluid.yml; graphql-codegen --config codegen-near.yml
[19:33:12] Parse configuration [started]
[19:33:12] Parse configuration [completed]
[19:33:12] Generate outputs [started]
[19:33:12] Generate src/thegraph/generated/graphql.ts [started]
[19:33:12] Load GraphQL schemas [started]
[19:33:13] Load GraphQL schemas [completed]
[19:33:13] Load GraphQL documents [started]
[19:33:13] Load GraphQL documents [completed]
[19:33:13] Generate [started]
[19:33:14] Generate [completed]
[19:33:14] Generate src/thegraph/generated/graphql.ts [completed]
[19:33:14] Generate outputs [completed]
[19:33:15] Parse configuration [started]
[19:33:15] Parse configuration [completed]
[19:33:15] Generate outputs [started]
[19:33:15] Generate src/thegraph/generated/graphql-superfluid.ts [started]
[19:33:15] Load GraphQL schemas [started]
[19:33:18] Load GraphQL schemas [completed]
[19:33:18] Load GraphQL documents [started]
[19:33:18] Load GraphQL documents [completed]
[19:33:18] Generate [started]
[19:33:19] Generate [completed]
[19:33:19] Generate src/thegraph/generated/graphql-superfluid.ts [completed]
[19:33:19] Generate outputs [completed]
[19:33:20] Parse configuration [started]
[19:33:20] Parse configuration [completed]
[19:33:20] Generate outputs [started]
[19:33:20] Generate src/thegraph/generated/graphql-near.ts [started]
[19:33:20] Load GraphQL schemas [started]
[19:33:21] Load GraphQL schemas [completed]
[19:33:21] Load GraphQL documents [started]
[19:33:21] Load GraphQL documents [completed]
[19:33:21] Generate [started]
[19:33:21] Generate [completed]
[19:33:21] Generate src/thegraph/generated/graphql-near.ts [completed]
[19:33:21] Generate outputs [completed]
$ tsc -b tsconfig.build.json
Done in 17.54s.
lerna sill npmRunScript build [] @requestnetwork/payment-processor
lerna sill getExecOpts /home/skivy71/Documents/git/requestNetwork/requestNetwork/packages/payment-processor undefined
lerna sill npmRunScript build [] @requestnetwork/request-client.js
lerna sill getExecOpts /home/skivy71/Documents/git/requestNetwork/requestNetwork/packages/request-client.js undefined
lerna info run Ran npm script 'build' in '@requestnetwork/payment-processor' in 5.0s:
yarn run v1.22.19
$ tsc -b tsconfig.build.json
Done in 4.47s.
lerna info run Ran npm script 'build' in '@requestnetwork/request-client.js' in 31.4s:
yarn run v1.22.19
$ run-s build:commonjs build:umd

> @requestnetwork/request-client.js@0.41.0 build:commonjs
> tsc -b tsconfig.build.json


> @requestnetwork/request-client.js@0.41.0 build:umd
> webpack

Webpack Bundle Analyzer saved report to /home/skivy71/Documents/git/requestNetwork/requestNetwork/packages/request-client.js/dist/report.html
assets by path api/ 23.7 KiB
  assets by path api/*.ts 16.9 KiB 4 assets
  assets by path api/*.map 6.83 KiB 4 assets
assets by path *.ts 11 KiB
  asset http-data-access.d.ts 3.66 KiB [compared for emit]
  asset http-metamask-data-access.d.ts 2.74 KiB [compared for emit]
  asset http-request-network.d.ts 1.91 KiB [compared for emit]
  + 5 assets
assets by path *.map 5.84 KiB
  asset http-data-access.d.ts.map 1.45 KiB [compared for emit]
  asset http-metamask-data-access.d.ts.map 1.28 KiB [compared for emit]
  asset http-request-network.d.ts.map 901 bytes [compared for emit]
  + 5 assets
asset requestnetwork.min.js 2.44 MiB [emitted] [minimized] [big] (name: requestnetwork.min) 2 related assets
orphan modules 995 KiB [orphan] 225 modules
runtime modules 1.28 KiB 7 modules
javascript modules 5.02 MiB
  modules by path ../ 4.96 MiB 760 modules
  modules by path ./src/ 70.9 KiB 12 modules
  optional modules 60 bytes [optional]
    buffer (ignored) 15 bytes [optional] [built] [code generated]
    + 3 modules
  + 6 modules
json modules 181 KiB
  modules by path ../smart-contracts/dist/src/lib/ 77.8 KiB 23 modules
  modules by path ../currency/dist/ 10 KiB 9 modules
  modules by path ../../node_modules/ 77.6 KiB 7 modules
  modules by path ../data-format/ 13.2 KiB 7 modules
  ./package.json 2.14 KiB [built] [code generated]

WARNING in ../../node_modules/keyv/src/index.js 18:14-40
Critical dependency: the request of a dependency is an expression
 @ ../data-access/dist/ignored-location.js 4:13-28
 @ ../data-access/dist/data-access.js 10:27-56
 @ ../data-access/dist/index.js 4:20-44
 @ ./src/http-metamask-data-access.ts 4:22-60
 @ ./src/index.ts 14:36-74

WARNING in bn.js
  Multiple versions of bn.js found:
    4.12.0 /home/skivy71/Documents/git/requestNetwork/requestNetwork/~/bn.js
    5.2.0 /home/skivy71/Documents/git/requestNetwork/requestNetwork/~/browserify-sign/~/bn.js

WARNING in string_decoder
  Multiple versions of string_decoder found:
    0.10.31 /home/skivy71/Documents/git/requestNetwork/requestNetwork/~/string_decoder
    1.3.0 /home/skivy71/Documents/git/requestNetwork/requestNetwork/~/browserify-sign/~/string_decoder

WARNING in tslib
  Multiple versions of tslib found:
    2.2.0 /home/skivy71/Documents/git/requestNetwork/requestNetwork/~/graphql-tag/~/tslib
    2.5.0 /home/skivy71/Documents/git/requestNetwork/requestNetwork/~/tslib

Check how you can resolve duplicate packages: 
https://github.com/darrenscerri/duplicate-package-checker-webpack-plugin#resolving-duplicate-packages-in-your-bundle

WARNING in asset size limit: The following asset(s) exceed the recommended size limit (244 KiB).
This can impact web performance.
Assets: 
  requestnetwork.min.js (2.44 MiB)

WARNING in entrypoint size limit: The following entrypoint(s) combined asset size exceeds the recommended limit (244 KiB). This can impact web performance.
Entrypoints:
  requestnetwork.min (2.44 MiB)
      requestnetwork.min.js

WARNING in webpack performance recommendations: 
You can limit the size of your bundles by using import() or require.ensure to lazy load some parts of your application.
For more info visit https://webpack.js.org/guides/code-splitting/

1 warning has detailed information that is not shown.
Use 'stats.errorDetails: true' resp. '--stats-error-details' to show it.

webpack 5.88.2 compiled with 7 warnings in 23464 ms
Done in 30.90s.
lerna sill npmRunScript build [] @requestnetwork/integration-test
lerna sill getExecOpts /home/skivy71/Documents/git/requestNetwork/requestNetwork/packages/integration-test undefined
lerna sill npmRunScript build [] @requestnetwork/request-network-sdk
lerna sill getExecOpts /home/skivy71/Documents/git/requestNetwork/requestNetwork/packages/request-network-sdk undefined
lerna sill npmRunScript build [] @requestnetwork/toolbox
lerna sill getExecOpts /home/skivy71/Documents/git/requestNetwork/requestNetwork/packages/toolbox undefined
lerna sill npmRunScript build [] @requestnetwork/usage-examples
lerna sill getExecOpts /home/skivy71/Documents/git/requestNetwork/requestNetwork/packages/usage-examples undefined
lerna info run Ran npm script 'build' in '@requestnetwork/request-network-sdk' in 1.2s:
yarn run v1.22.19
$ tsc -b tsconfig.build.json
Done in 0.52s.
lerna info run Ran npm script 'build' in '@requestnetwork/toolbox' in 5.1s:
yarn run v1.22.19
$ tsc -b tsconfig.build.json
Done in 4.39s.
lerna info run Ran npm script 'build' in '@requestnetwork/usage-examples' in 5.1s:
yarn run v1.22.19
$ tsc -b tsconfig.build.json
Done in 4.47s.
lerna info run Ran npm script 'build' in '@requestnetwork/integration-test' in 5.4s:
yarn run v1.22.19
$ tsc -b tsconfig.build.json
Done in 4.62s.
lerna success run Ran npm script 'build' in 23 packages in 86.9s:
lerna success - @requestnetwork/advanced-logic
lerna success - @requestnetwork/currency
lerna success - @requestnetwork/data-access
lerna success - @requestnetwork/data-format
lerna success - @requestnetwork/epk-decryption
lerna success - @requestnetwork/epk-signature
lerna success - @requestnetwork/ethereum-storage
lerna success - @requestnetwork/integration-test
lerna success - @requestnetwork/multi-format
lerna success - @requestnetwork/payment-detection
lerna success - @requestnetwork/payment-processor
lerna success - @requestnetwork/request-client.js
lerna success - @requestnetwork/request-logic
lerna success - @requestnetwork/request-network-sdk
lerna success - @requestnetwork/request-node
lerna success - @requestnetwork/smart-contracts
lerna success - @requestnetwork/thegraph-data-access
lerna success - @requestnetwork/toolbox
lerna success - @requestnetwork/transaction-manager
lerna success - @requestnetwork/types
lerna success - @requestnetwork/usage-examples
lerna success - @requestnetwork/utils
lerna success - @requestnetwork/web3-signature
